##    Generated by Canary(SW) on Wed Feb 03 16:31:54 AEDT 2016
##
##    Processed   2000(100.0%) read pairs in 0.0 minutes
##    unpaired    220 11.000000 %
##    unmapped    118 5.900000 %
##    cache hits  45/1662 2.707581 %
##
#Amplicon	HGVSg	Chr	Position	Count	Ref	Alt	Alt%
KIT24_28.chr4.55599320.55599348_tile_1	chr4:g.55599436T>C	4	55599436	(13/13)	T	C	100.000000
KDR1.chr4.55946114.55946257_tile_1	chr4:g.55946081A>G	4	55946081	(12/12)	A	G	100.000000
GNAQ_5.chr9.80409379.80409508_tile_1	chr9:g.80409345A>G	9	80409345	(11/15)	A	G	73.333336
PTEN13.chr10.89720716.89720852_tile_1	chr10:g.89720749C>T	10	89720749	(10/23)	C	T	43.478260
PTEN13.chr10.89720716.89720852_tile_1	chr10:g.89720791A>G	10	89720791	(10/23)	A	G	43.478260
